// Jest Snapshot v1, https://goo.gl/fbAQLP

exports[`bds-toast should be able to set all the props 1`] = `
<bds-toast icon="info">
  <mock:shadow-root>
    <div class="toast toast--action--button toast--error">
      <bds-icon color="#fff" name="info" size="x-large" theme="outline"></bds-icon>
      <div class="toast__content">
        <bds-typo bold="bold" variant="fs-14">
          Toast
        </bds-typo>
        <bds-typo variant="fs-14">
          Lorem ipsum
        </bds-typo>
      </div>
      <div class="toast__action toast__action__button">
        <button>
          <bds-button size="short" variant="secondary--white">
            Close
          </bds-button>
        </button>
      </div>
    </div>
  </mock:shadow-root>
</bds-toast>
`;

exports[`bds-toast should render the component and match the snapshot 1`] = `
Object {
  "body": <body>
  <bds-toast action-type="button" button-action="close" button-text="cancel" duration="0" show="true" toast-text="texto" toast-title="titulo" variant="system">
    <mock:shadow-root>
      <div class="show show--bottom-left toast toast--action--button toast--system">
        <div class="toast__content">
          <bds-typo bold="bold" variant="fs-14">
            titulo
          </bds-typo>
          <bds-typo variant="fs-14">
            texto
          </bds-typo>
        </div>
        <div class="toast__action toast__action__button">
          <button>
            <bds-button size="short" variant="secondary--white">
              cancel
            </bds-button>
          </button>
        </div>
      </div>
    </mock:shadow-root>
  </bds-toast>
</body>,
  "build": Object {
    "allRenderFn": true,
    "appendChildSlotFix": false,
    "asyncLoading": true,
    "asyncQueue": true,
    "attachStyles": false,
    "cloneNodeFix": false,
    "cmpDidLoad": true,
    "cmpDidRender": true,
    "cmpDidUnload": true,
    "cmpDidUpdate": true,
    "cmpShouldUpdate": true,
    "cmpWillLoad": true,
    "cmpWillRender": true,
    "cmpWillUpdate": true,
    "connectedCallback": true,
    "constructableCSS": true,
    "cssAnnotations": false,
    "cssVarShim": true,
    "devTools": false,
    "disconnectedCallback": true,
    "dynamicImportShim": false,
    "element": true,
    "event": true,
    "hasRenderFn": true,
    "hostListener": true,
    "hostListenerTarget": true,
    "hostListenerTargetBody": true,
    "hostListenerTargetDocument": true,
    "hostListenerTargetParent": true,
    "hostListenerTargetWindow": true,
    "hotModuleReplacement": false,
    "hydrateClientSide": false,
    "hydrateServerSide": false,
    "hydratedAttribute": false,
    "hydratedClass": true,
    "initializeNextTick": true,
    "isDebug": false,
    "isDev": true,
    "isTesting": true,
    "lazyLoad": true,
    "lifecycle": true,
    "lifecycleDOMEvents": true,
    "member": true,
    "method": true,
    "mode": true,
    "observeAttribute": true,
    "profile": true,
    "prop": true,
    "propBoolean": true,
    "propMutable": true,
    "propNumber": true,
    "propString": true,
    "reflect": true,
    "safari10": false,
    "scoped": true,
    "scriptDataOpts": false,
    "shadowDelegatesFocus": true,
    "shadowDom": true,
    "shadowDomShim": false,
    "slot": true,
    "slotChildNodesFix": false,
    "slotRelocation": true,
    "state": true,
    "style": true,
    "svg": true,
    "taskQueue": true,
    "transformTagName": true,
    "updatable": true,
    "vdomAttribute": true,
    "vdomClass": true,
    "vdomFunctional": true,
    "vdomKey": true,
    "vdomListener": true,
    "vdomPropOrAttr": true,
    "vdomRef": true,
    "vdomRender": true,
    "vdomStyle": true,
    "vdomText": true,
    "vdomXlink": true,
    "watchCallback": true,
  },
  "doc": ,
  "flushLoadModule": [Function],
  "flushQueue": [Function],
  "setContent": [Function],
  "styles": Map {},
  "waitForChanges": [Function],
  "win": [MockWindow],
}
`;
